
> frontend@0.0.0 build
> next build

⚠ Warning: Next.js inferred your workspace root, but it may not be correct.
 We detected multiple lockfiles and selected the directory of /Users/Thamothara/KNK Trip Cart/package-lock.json as the root directory.
 To silence this warning, set `turbopack.root` in your Next.js config, or consider removing one of the lockfiles if it's not needed.
   See https://nextjs.org/docs/app/api-reference/config/next-config-js/turbopack#root-directory for more information.
 Detected additional lockfiles: 
   * /Users/Thamothara/KNK Trip Cart/frontend/package-lock.json

▲ Next.js 16.1.6 (Turbopack)

  Creating an optimized production build ...
✓ Compiled successfully in 2.5s
  Running TypeScript ...
  Collecting page data using 7 workers ...
  Generating static pages using 7 workers (0/7) ...
Error occurred prerendering page "/admin". Read more: https://nextjs.org/docs/messages/prerender-error
TypeError: Cannot destructure property 'auth' of 'a' as it is undefined.
    at h (.next/server/chunks/ssr/9e883_60ca9633._.js:1:1753)
    at p (.next/server/chunks/ssr/9e883_60ca9633._.js:1:78316)
    at <unknown> (.next/server/chunks/ssr/9e883_60ca9633._.js:1:78885)
    at q (.next/server/chunks/ssr/9e883_60ca9633._.js:1:78866) {
  digest: '3311247724'
}
Export encountered an error on /admin/page: /admin, exiting the build.
⨯ Next.js build worker exited with code: 1 and signal: null
